[preview.uideck.com/items/freelancer/index.html]
[backblue.gif]
[fade.gif]
[index.html]
[preview.uideck.com/items/freelancer/assets/images/favicon.png]
[preview.uideck.com/items/freelancer/assets/css/animate.css]
[preview.uideck.com/items/freelancer/assets/css/slick.css]
[preview.uideck.com/items/freelancer/assets/css/lineicons.css]
[preview.uideck.com/items/freelancer/assets/css/bootstrap.min.css]
[preview.uideck.com/items/freelancer/assets/css/default.css]
[preview.uideck.com/items/freelancer/assets/css/style.css]
[preview.uideck.com/items/freelancer/index-2.html]
[preview.uideck.com/items/freelancer/assets/images/logo.svg]
[preview.uideck.com/items/freelancer/assets/images/hero.png]
[preview.uideck.com/items/freelancer/assets/images/about_hero.png]
[preview.uideck.com/items/freelancer/assets/images/project-3.jpg]
[preview.uideck.com/items/freelancer/assets/images/project-1.jpg]
[preview.uideck.com/items/freelancer/assets/images/project-2.jpg]
[preview.uideck.com/items/freelancer/assets/images/shape-3.png]
[preview.uideck.com/items/freelancer/assets/images/author-1.jpg]
[preview.uideck.com/items/freelancer/assets/images/author-2.jpg]
[preview.uideck.com/cdn-cgi/scripts/5c5dd728/cloudflare-static/email-decode.min.js]
[preview.uideck.com/items/freelancer/assets/js/vendor/jquery-1.12.4.min.js]
[preview.uideck.com/items/freelancer/assets/js/vendor/modernizr-3.7.1.min.js]
[preview.uideck.com/items/freelancer/assets/js/popper.min.js]
[preview.uideck.com/items/freelancer/assets/js/bootstrap.min.js]
[preview.uideck.com/items/freelancer/assets/js/slick.min.js]
[preview.uideck.com/items/freelancer/assets/js/ajax-contact.js]
[preview.uideck.com/items/freelancer/assets/js/jquery.appear.min.js]
[preview.uideck.com/items/freelancer/assets/js/waypoints.min.js]
[preview.uideck.com/items/freelancer/assets/js/jquery.counterup.min.js]
[preview.uideck.com/items/freelancer/assets/js/jquery.easing.min.js]
[preview.uideck.com/items/freelancer/assets/js/scrolling-nav.js]
[preview.uideck.com/items/freelancer/assets/js/wow.min.js]
[preview.uideck.com/items/freelancer/assets/js/main.js]
[preview.uideck.com/items/freelancer/index.html]
[preview.uideck.com/items/freelancer/assets/css/animate.css]
[preview.uideck.com/items/freelancer/assets/css/slick.css]
[ajax.cloudflare.com/cdn-cgi/scripts/7089c43e/cloudflare-static/rocket-loader.min.js]
[preview.uideck.com/items/freelancer/assets/fonts/LineIcons.woff2]
[preview.uideck.com/items/freelancer/assets/fonts/LineIcons.eot]
[preview.uideck.com/items/freelancer/assets/fonts/LineIcons.woff]
[preview.uideck.com/items/freelancer/assets/fonts/LineIcons.ttf]
[preview.uideck.com/items/freelancer/assets/css/lineicons.css]
[preview.uideck.com/items/freelancer/assets/css/bootstrap.min.css]
[preview.uideck.com/items/freelancer/assets/css/default.css]
[preview.uideck.com/items/freelancer/assets/images/shape.png]
[preview.uideck.com/items/freelancer/assets/css/style.css]
[preview.uideck.com/items/freelancer/assets/images/shape-2.png]
[preview.uideck.com/items/freelancer/index-2.html]
[preview.uideck.com/items/freelancer/assets/images/logo.svg]
[preview.uideck.com/items/freelancer/assets/fonts/LineIcons.svg]
[preview.uideck.com/items/freelancer/assets/fonts/LineIcons.svg]
